// Jest Snapshot v1, https://goo.gl/fbAQLP

exports[`RangeIndicator renders correctly 1`] = `
{
  "asFragment": [Function],
  "baseElement": <body>
    <div>
      <div
        class="MuiStack-root css-8cva6s-MuiStack-root"
      >
        <div
          class="MuiStack-root css-1t2ey5u-MuiStack-root"
        >
          <div
            class="MuiBox-root css-i9gxme"
          >
            <p
              class="MuiTypography-root MuiTypography-body1 css-4mz6wg-MuiTypography-root"
            >
              Test
            </p>
          </div>
          <div
            class="MuiBox-root css-2uchni"
          >
            <p
              class="MuiTypography-root MuiTypography-body1 css-4mz6wg-MuiTypography-root"
            >
              50
            </p>
          </div>
        </div>
        <span
          class="MuiSlider-root MuiSlider-colorPrimary MuiSlider-sizeMedium css-1i3537d-MuiSlider-root"
        >
          <span
            class="MuiSlider-rail css-14pt78w-MuiSlider-rail"
          />
          <span
            class="MuiSlider-track css-1gv0vcd-MuiSlider-track"
            style="left: 25%; width: 50%;"
          />
          <span
            class="MuiSlider-thumb MuiSlider-thumbSizeMedium MuiSlider-thumbColorPrimary MuiSlider-thumb MuiSlider-thumbSizeMedium MuiSlider-thumbColorPrimary css-3nibdl-MuiSlider-thumb"
            data-index="0"
            style="left: 25%;"
          >
            <input
              aria-orientation="horizontal"
              aria-valuemax="100"
              aria-valuemin="0"
              aria-valuenow="25"
              data-index="0"
              max="100"
              min="0"
              step="1"
              style="border: 0px; height: 100%; margin: -1px; overflow: hidden; padding: 0px; position: absolute; white-space: nowrap; width: 100%; direction: ltr;"
              type="range"
              value="25"
            />
            <span
              aria-hidden="true"
              class="MuiSlider-valueLabel css-1jknfwc-MuiSlider-valueLabel"
            >
              <span
                class="MuiSlider-valueLabelCircle"
              >
                <span
                  class="MuiSlider-valueLabelLabel"
                >
                  25
                </span>
              </span>
            </span>
          </span>
          <span
            class="MuiSlider-thumb MuiSlider-thumbSizeMedium MuiSlider-thumbColorPrimary MuiSlider-thumb MuiSlider-thumbSizeMedium MuiSlider-thumbColorPrimary css-3nibdl-MuiSlider-thumb"
            data-index="1"
            style="left: 75%;"
          >
            <input
              aria-orientation="horizontal"
              aria-valuemax="100"
              aria-valuemin="0"
              aria-valuenow="75"
              data-index="1"
              max="100"
              min="0"
              step="1"
              style="border: 0px; height: 100%; margin: -1px; overflow: hidden; padding: 0px; position: absolute; white-space: nowrap; width: 100%; direction: ltr;"
              type="range"
              value="75"
            />
            <span
              aria-hidden="true"
              class="MuiSlider-valueLabel css-1jknfwc-MuiSlider-valueLabel"
            >
              <span
                class="MuiSlider-valueLabelCircle"
              >
                <span
                  class="MuiSlider-valueLabelLabel"
                >
                  75
                </span>
              </span>
            </span>
          </span>
        </span>
      </div>
    </div>
  </body>,
  "container": <div>
    <div
      class="MuiStack-root css-8cva6s-MuiStack-root"
    >
      <div
        class="MuiStack-root css-1t2ey5u-MuiStack-root"
      >
        <div
          class="MuiBox-root css-i9gxme"
        >
          <p
            class="MuiTypography-root MuiTypography-body1 css-4mz6wg-MuiTypography-root"
          >
            Test
          </p>
        </div>
        <div
          class="MuiBox-root css-2uchni"
        >
          <p
            class="MuiTypography-root MuiTypography-body1 css-4mz6wg-MuiTypography-root"
          >
            50
          </p>
        </div>
      </div>
      <span
        class="MuiSlider-root MuiSlider-colorPrimary MuiSlider-sizeMedium css-1i3537d-MuiSlider-root"
      >
        <span
          class="MuiSlider-rail css-14pt78w-MuiSlider-rail"
        />
        <span
          class="MuiSlider-track css-1gv0vcd-MuiSlider-track"
          style="left: 25%; width: 50%;"
        />
        <span
          class="MuiSlider-thumb MuiSlider-thumbSizeMedium MuiSlider-thumbColorPrimary MuiSlider-thumb MuiSlider-thumbSizeMedium MuiSlider-thumbColorPrimary css-3nibdl-MuiSlider-thumb"
          data-index="0"
          style="left: 25%;"
        >
          <input
            aria-orientation="horizontal"
            aria-valuemax="100"
            aria-valuemin="0"
            aria-valuenow="25"
            data-index="0"
            max="100"
            min="0"
            step="1"
            style="border: 0px; height: 100%; margin: -1px; overflow: hidden; padding: 0px; position: absolute; white-space: nowrap; width: 100%; direction: ltr;"
            type="range"
            value="25"
          />
          <span
            aria-hidden="true"
            class="MuiSlider-valueLabel css-1jknfwc-MuiSlider-valueLabel"
          >
            <span
              class="MuiSlider-valueLabelCircle"
            >
              <span
                class="MuiSlider-valueLabelLabel"
              >
                25
              </span>
            </span>
          </span>
        </span>
        <span
          class="MuiSlider-thumb MuiSlider-thumbSizeMedium MuiSlider-thumbColorPrimary MuiSlider-thumb MuiSlider-thumbSizeMedium MuiSlider-thumbColorPrimary css-3nibdl-MuiSlider-thumb"
          data-index="1"
          style="left: 75%;"
        >
          <input
            aria-orientation="horizontal"
            aria-valuemax="100"
            aria-valuemin="0"
            aria-valuenow="75"
            data-index="1"
            max="100"
            min="0"
            step="1"
            style="border: 0px; height: 100%; margin: -1px; overflow: hidden; padding: 0px; position: absolute; white-space: nowrap; width: 100%; direction: ltr;"
            type="range"
            value="75"
          />
          <span
            aria-hidden="true"
            class="MuiSlider-valueLabel css-1jknfwc-MuiSlider-valueLabel"
          >
            <span
              class="MuiSlider-valueLabelCircle"
            >
              <span
                class="MuiSlider-valueLabelLabel"
              >
                75
              </span>
            </span>
          </span>
        </span>
      </span>
    </div>
  </div>,
  "debug": [Function],
  "findAllByAltText": [Function],
  "findAllByDisplayValue": [Function],
  "findAllByLabelText": [Function],
  "findAllByPlaceholderText": [Function],
  "findAllByRole": [Function],
  "findAllByTestId": [Function],
  "findAllByText": [Function],
  "findAllByTitle": [Function],
  "findByAltText": [Function],
  "findByDisplayValue": [Function],
  "findByLabelText": [Function],
  "findByPlaceholderText": [Function],
  "findByRole": [Function],
  "findByTestId": [Function],
  "findByText": [Function],
  "findByTitle": [Function],
  "getAllByAltText": [Function],
  "getAllByDisplayValue": [Function],
  "getAllByLabelText": [Function],
  "getAllByPlaceholderText": [Function],
  "getAllByRole": [Function],
  "getAllByTestId": [Function],
  "getAllByText": [Function],
  "getAllByTitle": [Function],
  "getByAltText": [Function],
  "getByDisplayValue": [Function],
  "getByLabelText": [Function],
  "getByPlaceholderText": [Function],
  "getByRole": [Function],
  "getByTestId": [Function],
  "getByText": [Function],
  "getByTitle": [Function],
  "queryAllByAltText": [Function],
  "queryAllByDisplayValue": [Function],
  "queryAllByLabelText": [Function],
  "queryAllByPlaceholderText": [Function],
  "queryAllByRole": [Function],
  "queryAllByTestId": [Function],
  "queryAllByText": [Function],
  "queryAllByTitle": [Function],
  "queryByAltText": [Function],
  "queryByDisplayValue": [Function],
  "queryByLabelText": [Function],
  "queryByPlaceholderText": [Function],
  "queryByRole": [Function],
  "queryByTestId": [Function],
  "queryByText": [Function],
  "queryByTitle": [Function],
  "rerender": [Function],
  "unmount": [Function],
}
`;
