// Jest Snapshot v1, https://goo.gl/fbAQLP

exports[`CourseSection renders correctly 1`] = `
{
  "asFragment": [Function],
  "baseElement": <body>
    <div>
      <div
        class="MuiBox-root css-4l1mzr"
      >
        <div
          class="MuiContainer-root MuiContainer-maxWidthLg css-1oqqzyl-MuiContainer-root"
        >
          <div
            class="MuiStack-root css-5andtu-MuiStack-root"
          >
            <h6
              class="MuiTypography-root MuiTypography-subtitle1 MuiTypography-gutterBottom css-1ceq6vm-MuiTypography-root"
            >
              category
            </h6>
            <div
              class="MuiContainer-root MuiContainer-maxWidthMd css-xdmu94-MuiContainer-root"
            >
              <h3
                class="MuiTypography-root MuiTypography-h3 css-1uokl1g-MuiTypography-root"
              >
                title
              </h3>
            </div>
            <div
              class="MuiBox-root css-z727b5"
            >
              <div
                class="MuiGrid-root MuiGrid-container css-hgidmd-MuiGrid-root"
              >
                <div
                  class="MuiGrid-root MuiGrid-item MuiGrid-grid-xs-12 MuiGrid-grid-md-3 css-ze59oq-MuiGrid-root"
                >
                  <div
                    class="MuiPaper-root MuiPaper-elevation MuiPaper-rounded MuiPaper-elevation2 MuiCard-root css-19ykuiy-MuiPaper-root-MuiCard-root"
                  >
                    <div
                      class="MuiCardContent-root css-xv72im-MuiCardContent-root"
                    >
                      <h6
                        class="MuiTypography-root MuiTypography-subtitle1 css-12yj62r-MuiTypography-root"
                      >
                        category 1
                      </h6>
                      <h5
                        class="MuiTypography-root MuiTypography-h5 css-ngbht2-MuiTypography-root"
                      >
                        text 1
                      </h5>
                    </div>
                    <div
                      class="MuiCardActions-root MuiCardActions-spacing css-ljfa65-MuiCardActions-root"
                    >
                      <div
                        class="MuiStack-root css-1bzkvkb-MuiStack-root"
                      >
                        <div
                          class="MuiChip-root MuiChip-filled MuiChip-sizeSmall MuiChip-colorDefault MuiChip-filledDefault css-j82tey-MuiChip-root"
                        >
                          <span
                            class="MuiChip-label MuiChip-labelSmall css-t3ycia-MuiChip-label"
                          >
                            tag 1
                          </span>
                        </div>
                        <div
                          class="MuiChip-root MuiChip-filled MuiChip-sizeSmall MuiChip-colorDefault MuiChip-filledDefault css-j82tey-MuiChip-root"
                        >
                          <span
                            class="MuiChip-label MuiChip-labelSmall css-t3ycia-MuiChip-label"
                          >
                            tag 2
                          </span>
                        </div>
                      </div>
                    </div>
                  </div>
                </div>
                <div
                  class="MuiGrid-root MuiGrid-item MuiGrid-grid-xs-12 MuiGrid-grid-md-3 css-ze59oq-MuiGrid-root"
                >
                  <div
                    class="MuiPaper-root MuiPaper-elevation MuiPaper-rounded MuiPaper-elevation2 MuiCard-root css-19ykuiy-MuiPaper-root-MuiCard-root"
                  >
                    <div
                      class="MuiCardContent-root css-xv72im-MuiCardContent-root"
                    >
                      <h6
                        class="MuiTypography-root MuiTypography-subtitle1 css-12yj62r-MuiTypography-root"
                      >
                        category 2
                      </h6>
                      <h5
                        class="MuiTypography-root MuiTypography-h5 css-ngbht2-MuiTypography-root"
                      >
                        text 2
                      </h5>
                    </div>
                    <div
                      class="MuiCardActions-root MuiCardActions-spacing css-ljfa65-MuiCardActions-root"
                    >
                      <div
                        class="MuiStack-root css-1bzkvkb-MuiStack-root"
                      >
                        <div
                          class="MuiChip-root MuiChip-filled MuiChip-sizeSmall MuiChip-colorDefault MuiChip-filledDefault css-j82tey-MuiChip-root"
                        >
                          <span
                            class="MuiChip-label MuiChip-labelSmall css-t3ycia-MuiChip-label"
                          >
                            tag 3
                          </span>
                        </div>
                        <div
                          class="MuiChip-root MuiChip-filled MuiChip-sizeSmall MuiChip-colorDefault MuiChip-filledDefault css-j82tey-MuiChip-root"
                        >
                          <span
                            class="MuiChip-label MuiChip-labelSmall css-t3ycia-MuiChip-label"
                          >
                            tag 4
                          </span>
                        </div>
                      </div>
                    </div>
                  </div>
                </div>
              </div>
            </div>
          </div>
        </div>
      </div>
    </div>
  </body>,
  "container": <div>
    <div
      class="MuiBox-root css-4l1mzr"
    >
      <div
        class="MuiContainer-root MuiContainer-maxWidthLg css-1oqqzyl-MuiContainer-root"
      >
        <div
          class="MuiStack-root css-5andtu-MuiStack-root"
        >
          <h6
            class="MuiTypography-root MuiTypography-subtitle1 MuiTypography-gutterBottom css-1ceq6vm-MuiTypography-root"
          >
            category
          </h6>
          <div
            class="MuiContainer-root MuiContainer-maxWidthMd css-xdmu94-MuiContainer-root"
          >
            <h3
              class="MuiTypography-root MuiTypography-h3 css-1uokl1g-MuiTypography-root"
            >
              title
            </h3>
          </div>
          <div
            class="MuiBox-root css-z727b5"
          >
            <div
              class="MuiGrid-root MuiGrid-container css-hgidmd-MuiGrid-root"
            >
              <div
                class="MuiGrid-root MuiGrid-item MuiGrid-grid-xs-12 MuiGrid-grid-md-3 css-ze59oq-MuiGrid-root"
              >
                <div
                  class="MuiPaper-root MuiPaper-elevation MuiPaper-rounded MuiPaper-elevation2 MuiCard-root css-19ykuiy-MuiPaper-root-MuiCard-root"
                >
                  <div
                    class="MuiCardContent-root css-xv72im-MuiCardContent-root"
                  >
                    <h6
                      class="MuiTypography-root MuiTypography-subtitle1 css-12yj62r-MuiTypography-root"
                    >
                      category 1
                    </h6>
                    <h5
                      class="MuiTypography-root MuiTypography-h5 css-ngbht2-MuiTypography-root"
                    >
                      text 1
                    </h5>
                  </div>
                  <div
                    class="MuiCardActions-root MuiCardActions-spacing css-ljfa65-MuiCardActions-root"
                  >
                    <div
                      class="MuiStack-root css-1bzkvkb-MuiStack-root"
                    >
                      <div
                        class="MuiChip-root MuiChip-filled MuiChip-sizeSmall MuiChip-colorDefault MuiChip-filledDefault css-j82tey-MuiChip-root"
                      >
                        <span
                          class="MuiChip-label MuiChip-labelSmall css-t3ycia-MuiChip-label"
                        >
                          tag 1
                        </span>
                      </div>
                      <div
                        class="MuiChip-root MuiChip-filled MuiChip-sizeSmall MuiChip-colorDefault MuiChip-filledDefault css-j82tey-MuiChip-root"
                      >
                        <span
                          class="MuiChip-label MuiChip-labelSmall css-t3ycia-MuiChip-label"
                        >
                          tag 2
                        </span>
                      </div>
                    </div>
                  </div>
                </div>
              </div>
              <div
                class="MuiGrid-root MuiGrid-item MuiGrid-grid-xs-12 MuiGrid-grid-md-3 css-ze59oq-MuiGrid-root"
              >
                <div
                  class="MuiPaper-root MuiPaper-elevation MuiPaper-rounded MuiPaper-elevation2 MuiCard-root css-19ykuiy-MuiPaper-root-MuiCard-root"
                >
                  <div
                    class="MuiCardContent-root css-xv72im-MuiCardContent-root"
                  >
                    <h6
                      class="MuiTypography-root MuiTypography-subtitle1 css-12yj62r-MuiTypography-root"
                    >
                      category 2
                    </h6>
                    <h5
                      class="MuiTypography-root MuiTypography-h5 css-ngbht2-MuiTypography-root"
                    >
                      text 2
                    </h5>
                  </div>
                  <div
                    class="MuiCardActions-root MuiCardActions-spacing css-ljfa65-MuiCardActions-root"
                  >
                    <div
                      class="MuiStack-root css-1bzkvkb-MuiStack-root"
                    >
                      <div
                        class="MuiChip-root MuiChip-filled MuiChip-sizeSmall MuiChip-colorDefault MuiChip-filledDefault css-j82tey-MuiChip-root"
                      >
                        <span
                          class="MuiChip-label MuiChip-labelSmall css-t3ycia-MuiChip-label"
                        >
                          tag 3
                        </span>
                      </div>
                      <div
                        class="MuiChip-root MuiChip-filled MuiChip-sizeSmall MuiChip-colorDefault MuiChip-filledDefault css-j82tey-MuiChip-root"
                      >
                        <span
                          class="MuiChip-label MuiChip-labelSmall css-t3ycia-MuiChip-label"
                        >
                          tag 4
                        </span>
                      </div>
                    </div>
                  </div>
                </div>
              </div>
            </div>
          </div>
        </div>
      </div>
    </div>
  </div>,
  "debug": [Function],
  "findAllByAltText": [Function],
  "findAllByDisplayValue": [Function],
  "findAllByLabelText": [Function],
  "findAllByPlaceholderText": [Function],
  "findAllByRole": [Function],
  "findAllByTestId": [Function],
  "findAllByText": [Function],
  "findAllByTitle": [Function],
  "findByAltText": [Function],
  "findByDisplayValue": [Function],
  "findByLabelText": [Function],
  "findByPlaceholderText": [Function],
  "findByRole": [Function],
  "findByTestId": [Function],
  "findByText": [Function],
  "findByTitle": [Function],
  "getAllByAltText": [Function],
  "getAllByDisplayValue": [Function],
  "getAllByLabelText": [Function],
  "getAllByPlaceholderText": [Function],
  "getAllByRole": [Function],
  "getAllByTestId": [Function],
  "getAllByText": [Function],
  "getAllByTitle": [Function],
  "getByAltText": [Function],
  "getByDisplayValue": [Function],
  "getByLabelText": [Function],
  "getByPlaceholderText": [Function],
  "getByRole": [Function],
  "getByTestId": [Function],
  "getByText": [Function],
  "getByTitle": [Function],
  "queryAllByAltText": [Function],
  "queryAllByDisplayValue": [Function],
  "queryAllByLabelText": [Function],
  "queryAllByPlaceholderText": [Function],
  "queryAllByRole": [Function],
  "queryAllByTestId": [Function],
  "queryAllByText": [Function],
  "queryAllByTitle": [Function],
  "queryByAltText": [Function],
  "queryByDisplayValue": [Function],
  "queryByLabelText": [Function],
  "queryByPlaceholderText": [Function],
  "queryByRole": [Function],
  "queryByTestId": [Function],
  "queryByText": [Function],
  "queryByTitle": [Function],
  "rerender": [Function],
  "unmount": [Function],
}
`;
