// Jest Snapshot v1, https://goo.gl/fbAQLP

exports[`OverviewSection renders correctly for desktop 1`] = `
{
  "asFragment": [Function],
  "baseElement": <body>
    <div>
      <div
        class="MuiBox-root css-1nxf41o"
      >
        <div
          class="MuiContainer-root MuiContainer-maxWidthLg css-1oqqzyl-MuiContainer-root"
        >
          <div
            class="MuiStack-root css-m69qwo-MuiStack-root"
          >
            <div
              class="MuiBox-root css-i3ycue"
            >
              <div
                class="MuiBox-root css-z6zqxo"
              >
                <img
                  alt="dummy"
                  height="480"
                  src="image"
                  style="border-radius: 32px;"
                  width="314"
                />
              </div>
            </div>
            <div
              class="MuiStack-root css-1ftkaup-MuiStack-root"
            >
              <h6
                class="MuiTypography-root MuiTypography-subtitle1 MuiTypography-gutterBottom css-1ceq6vm-MuiTypography-root"
              >
                category
              </h6>
              <h3
                class="MuiTypography-root MuiTypography-h3 MuiTypography-gutterBottom css-1vu909e-MuiTypography-root"
              >
                title
              </h3>
              <p
                class="MuiTypography-root MuiTypography-body1 css-1roozjh-MuiTypography-root"
              >
                description
              </p>
            </div>
          </div>
        </div>
      </div>
    </div>
  </body>,
  "container": <div>
    <div
      class="MuiBox-root css-1nxf41o"
    >
      <div
        class="MuiContainer-root MuiContainer-maxWidthLg css-1oqqzyl-MuiContainer-root"
      >
        <div
          class="MuiStack-root css-m69qwo-MuiStack-root"
        >
          <div
            class="MuiBox-root css-i3ycue"
          >
            <div
              class="MuiBox-root css-z6zqxo"
            >
              <img
                alt="dummy"
                height="480"
                src="image"
                style="border-radius: 32px;"
                width="314"
              />
            </div>
          </div>
          <div
            class="MuiStack-root css-1ftkaup-MuiStack-root"
          >
            <h6
              class="MuiTypography-root MuiTypography-subtitle1 MuiTypography-gutterBottom css-1ceq6vm-MuiTypography-root"
            >
              category
            </h6>
            <h3
              class="MuiTypography-root MuiTypography-h3 MuiTypography-gutterBottom css-1vu909e-MuiTypography-root"
            >
              title
            </h3>
            <p
              class="MuiTypography-root MuiTypography-body1 css-1roozjh-MuiTypography-root"
            >
              description
            </p>
          </div>
        </div>
      </div>
    </div>
  </div>,
  "debug": [Function],
  "findAllByAltText": [Function],
  "findAllByDisplayValue": [Function],
  "findAllByLabelText": [Function],
  "findAllByPlaceholderText": [Function],
  "findAllByRole": [Function],
  "findAllByTestId": [Function],
  "findAllByText": [Function],
  "findAllByTitle": [Function],
  "findByAltText": [Function],
  "findByDisplayValue": [Function],
  "findByLabelText": [Function],
  "findByPlaceholderText": [Function],
  "findByRole": [Function],
  "findByTestId": [Function],
  "findByText": [Function],
  "findByTitle": [Function],
  "getAllByAltText": [Function],
  "getAllByDisplayValue": [Function],
  "getAllByLabelText": [Function],
  "getAllByPlaceholderText": [Function],
  "getAllByRole": [Function],
  "getAllByTestId": [Function],
  "getAllByText": [Function],
  "getAllByTitle": [Function],
  "getByAltText": [Function],
  "getByDisplayValue": [Function],
  "getByLabelText": [Function],
  "getByPlaceholderText": [Function],
  "getByRole": [Function],
  "getByTestId": [Function],
  "getByText": [Function],
  "getByTitle": [Function],
  "queryAllByAltText": [Function],
  "queryAllByDisplayValue": [Function],
  "queryAllByLabelText": [Function],
  "queryAllByPlaceholderText": [Function],
  "queryAllByRole": [Function],
  "queryAllByTestId": [Function],
  "queryAllByText": [Function],
  "queryAllByTitle": [Function],
  "queryByAltText": [Function],
  "queryByDisplayValue": [Function],
  "queryByLabelText": [Function],
  "queryByPlaceholderText": [Function],
  "queryByRole": [Function],
  "queryByTestId": [Function],
  "queryByText": [Function],
  "queryByTitle": [Function],
  "rerender": [Function],
  "unmount": [Function],
}
`;
