// Jest Snapshot v1, https://goo.gl/fbAQLP

exports[`PaymentSection renders correctly 1`] = `
{
  "asFragment": [Function],
  "baseElement": <body>
    <div>
      <div
        class="MuiBox-root css-1nm38x2"
      >
        <div
          class="MuiContainer-root MuiContainer-maxWidthLg css-1oqqzyl-MuiContainer-root"
        >
          <div
            class="MuiStack-root css-1p5q5e5-MuiStack-root"
          >
            <h6
              class="MuiTypography-root MuiTypography-subtitle1 MuiTypography-gutterBottom css-1ceq6vm-MuiTypography-root"
            >
              category
            </h6>
            <div
              class="MuiBox-root css-1qm1lh"
            >
              <h3
                class="MuiTypography-root MuiTypography-h3 MuiTypography-gutterBottom css-1vu909e-MuiTypography-root"
              >
                title
              </h3>
            </div>
            <p
              class="MuiTypography-root MuiTypography-body1 MuiTypography-gutterBottom css-1fds5j6-MuiTypography-root"
            >
              description
            </p>
            <div
              class="MuiBox-root css-xuhmcu"
            >
              <div
                class="MuiPaper-root MuiPaper-elevation MuiPaper-elevation2 MuiAccordion-root css-y7m5ga-MuiPaper-root-MuiAccordion-root"
              >
                <div
                  aria-expanded="false"
                  class="MuiButtonBase-root MuiAccordionSummary-root css-1pvvkxv-MuiButtonBase-root-MuiAccordionSummary-root"
                  role="button"
                  tabindex="0"
                >
                  <div
                    class="MuiAccordionSummary-content css-1betqn-MuiAccordionSummary-content"
                  >
                    <h5
                      class="MuiTypography-root MuiTypography-h5 css-s668vz-MuiTypography-root"
                    >
                      payment_full_title
                    </h5>
                  </div>
                  <div
                    class="MuiAccordionSummary-expandIconWrapper css-yw020d-MuiAccordionSummary-expandIconWrapper"
                  >
                    <svg
                      aria-hidden="true"
                      class="MuiSvgIcon-root MuiSvgIcon-fontSizeMedium css-i4bv87-MuiSvgIcon-root"
                      data-testid="ExpandMoreIcon"
                      focusable="false"
                      viewBox="0 0 24 24"
                    >
                      <path
                        d="M16.59 8.59 12 13.17 7.41 8.59 6 10l6 6 6-6z"
                      />
                    </svg>
                  </div>
                </div>
                <div
                  class="MuiCollapse-root MuiCollapse-vertical MuiCollapse-hidden css-bz4dnt-MuiCollapse-root"
                  style="min-height: 0px;"
                >
                  <div
                    class="MuiCollapse-wrapper MuiCollapse-vertical css-smkl36-MuiCollapse-wrapper"
                  >
                    <div
                      class="MuiCollapse-wrapperInner MuiCollapse-vertical css-9l5vo-MuiCollapse-wrapperInner"
                    >
                      <div
                        class="MuiAccordion-region"
                        role="region"
                      >
                        <div
                          class="MuiAccordionDetails-root css-15v22id-MuiAccordionDetails-root"
                        >
                          <div
                            class="MuiBox-root css-1sf3xto"
                          >
                            <h5
                              class="MuiTypography-root MuiTypography-h5 css-1uzjrf3-MuiTypography-root"
                            >
                              payment_full_cost
                            </h5>
                          </div>
                          <p
                            class="MuiTypography-root MuiTypography-body1 css-1roozjh-MuiTypography-root"
                          >
                            payment_full_description
                          </p>
                        </div>
                      </div>
                    </div>
                  </div>
                </div>
              </div>
            </div>
            <div
              class="MuiBox-root css-xuhmcu"
            >
              <div
                class="MuiPaper-root MuiPaper-elevation MuiPaper-elevation2 MuiAccordion-root css-y7m5ga-MuiPaper-root-MuiAccordion-root"
              >
                <div
                  aria-expanded="false"
                  class="MuiButtonBase-root MuiAccordionSummary-root css-1pvvkxv-MuiButtonBase-root-MuiAccordionSummary-root"
                  role="button"
                  tabindex="0"
                >
                  <div
                    class="MuiAccordionSummary-content css-1betqn-MuiAccordionSummary-content"
                  >
                    <h5
                      class="MuiTypography-root MuiTypography-h5 css-s668vz-MuiTypography-root"
                    >
                      payment_instalment_title
                    </h5>
                  </div>
                  <div
                    class="MuiAccordionSummary-expandIconWrapper css-yw020d-MuiAccordionSummary-expandIconWrapper"
                  >
                    <svg
                      aria-hidden="true"
                      class="MuiSvgIcon-root MuiSvgIcon-fontSizeMedium css-i4bv87-MuiSvgIcon-root"
                      data-testid="ExpandMoreIcon"
                      focusable="false"
                      viewBox="0 0 24 24"
                    >
                      <path
                        d="M16.59 8.59 12 13.17 7.41 8.59 6 10l6 6 6-6z"
                      />
                    </svg>
                  </div>
                </div>
                <div
                  class="MuiCollapse-root MuiCollapse-vertical MuiCollapse-hidden css-bz4dnt-MuiCollapse-root"
                  style="min-height: 0px;"
                >
                  <div
                    class="MuiCollapse-wrapper MuiCollapse-vertical css-smkl36-MuiCollapse-wrapper"
                  >
                    <div
                      class="MuiCollapse-wrapperInner MuiCollapse-vertical css-9l5vo-MuiCollapse-wrapperInner"
                    >
                      <div
                        class="MuiAccordion-region"
                        role="region"
                      >
                        <div
                          class="MuiAccordionDetails-root css-15v22id-MuiAccordionDetails-root"
                        >
                          <div
                            class="MuiBox-root css-1sf3xto"
                          >
                            <h5
                              class="MuiTypography-root MuiTypography-h5 css-1uzjrf3-MuiTypography-root"
                            >
                              payment_instalment_cost
                            </h5>
                          </div>
                          <p
                            class="MuiTypography-root MuiTypography-body1 css-1roozjh-MuiTypography-root"
                          >
                            payment_instalment_description
                          </p>
                        </div>
                      </div>
                    </div>
                  </div>
                </div>
              </div>
            </div>
            <div
              class="MuiBox-root css-xuhmcu"
            >
              <div
                class="MuiPaper-root MuiPaper-elevation MuiPaper-elevation2 MuiAccordion-root css-y7m5ga-MuiPaper-root-MuiAccordion-root"
              >
                <div
                  aria-expanded="false"
                  class="MuiButtonBase-root MuiAccordionSummary-root css-1pvvkxv-MuiButtonBase-root-MuiAccordionSummary-root"
                  role="button"
                  tabindex="0"
                >
                  <div
                    class="MuiAccordionSummary-content css-1betqn-MuiAccordionSummary-content"
                  >
                    <h5
                      class="MuiTypography-root MuiTypography-h5 css-s668vz-MuiTypography-root"
                    >
                      payment_discount_title
                    </h5>
                  </div>
                  <div
                    class="MuiAccordionSummary-expandIconWrapper css-yw020d-MuiAccordionSummary-expandIconWrapper"
                  >
                    <svg
                      aria-hidden="true"
                      class="MuiSvgIcon-root MuiSvgIcon-fontSizeMedium css-i4bv87-MuiSvgIcon-root"
                      data-testid="ExpandMoreIcon"
                      focusable="false"
                      viewBox="0 0 24 24"
                    >
                      <path
                        d="M16.59 8.59 12 13.17 7.41 8.59 6 10l6 6 6-6z"
                      />
                    </svg>
                  </div>
                </div>
                <div
                  class="MuiCollapse-root MuiCollapse-vertical MuiCollapse-hidden css-bz4dnt-MuiCollapse-root"
                  style="min-height: 0px;"
                >
                  <div
                    class="MuiCollapse-wrapper MuiCollapse-vertical css-smkl36-MuiCollapse-wrapper"
                  >
                    <div
                      class="MuiCollapse-wrapperInner MuiCollapse-vertical css-9l5vo-MuiCollapse-wrapperInner"
                    >
                      <div
                        class="MuiAccordion-region"
                        role="region"
                      >
                        <div
                          class="MuiAccordionDetails-root css-15v22id-MuiAccordionDetails-root"
                        >
                          <div
                            class="MuiBox-root css-1sf3xto"
                          >
                            <h5
                              class="MuiTypography-root MuiTypography-h5 css-1uzjrf3-MuiTypography-root"
                            >
                              payment_discount_cost
                            </h5>
                          </div>
                          <p
                            class="MuiTypography-root MuiTypography-body1 css-1roozjh-MuiTypography-root"
                          >
                            payment_discount_description
                          </p>
                        </div>
                      </div>
                    </div>
                  </div>
                </div>
              </div>
            </div>
            <div
              class="MuiBox-root css-xuhmcu"
            >
              <div
                class="MuiPaper-root MuiPaper-elevation MuiPaper-elevation2 MuiAccordion-root css-y7m5ga-MuiPaper-root-MuiAccordion-root"
              >
                <div
                  aria-expanded="false"
                  class="MuiButtonBase-root MuiAccordionSummary-root css-1pvvkxv-MuiButtonBase-root-MuiAccordionSummary-root"
                  role="button"
                  tabindex="0"
                >
                  <div
                    class="MuiAccordionSummary-content css-1betqn-MuiAccordionSummary-content"
                  >
                    <h5
                      class="MuiTypography-root MuiTypography-h5 css-s668vz-MuiTypography-root"
                    >
                      payment_interview_title
                    </h5>
                  </div>
                  <div
                    class="MuiAccordionSummary-expandIconWrapper css-yw020d-MuiAccordionSummary-expandIconWrapper"
                  >
                    <svg
                      aria-hidden="true"
                      class="MuiSvgIcon-root MuiSvgIcon-fontSizeMedium css-i4bv87-MuiSvgIcon-root"
                      data-testid="ExpandMoreIcon"
                      focusable="false"
                      viewBox="0 0 24 24"
                    >
                      <path
                        d="M16.59 8.59 12 13.17 7.41 8.59 6 10l6 6 6-6z"
                      />
                    </svg>
                  </div>
                </div>
                <div
                  class="MuiCollapse-root MuiCollapse-vertical MuiCollapse-hidden css-bz4dnt-MuiCollapse-root"
                  style="min-height: 0px;"
                >
                  <div
                    class="MuiCollapse-wrapper MuiCollapse-vertical css-smkl36-MuiCollapse-wrapper"
                  >
                    <div
                      class="MuiCollapse-wrapperInner MuiCollapse-vertical css-9l5vo-MuiCollapse-wrapperInner"
                    >
                      <div
                        class="MuiAccordion-region"
                        role="region"
                      >
                        <div
                          class="MuiAccordionDetails-root css-15v22id-MuiAccordionDetails-root"
                        >
                          <div
                            class="MuiBox-root css-1sf3xto"
                          >
                            <h5
                              class="MuiTypography-root MuiTypography-h5 css-1uzjrf3-MuiTypography-root"
                            >
                              payment_interview_cost
                            </h5>
                          </div>
                          <p
                            class="MuiTypography-root MuiTypography-body1 css-1roozjh-MuiTypography-root"
                          >
                            payment_interview_description
                          </p>
                        </div>
                      </div>
                    </div>
                  </div>
                </div>
              </div>
            </div>
          </div>
        </div>
      </div>
    </div>
  </body>,
  "container": <div>
    <div
      class="MuiBox-root css-1nm38x2"
    >
      <div
        class="MuiContainer-root MuiContainer-maxWidthLg css-1oqqzyl-MuiContainer-root"
      >
        <div
          class="MuiStack-root css-1p5q5e5-MuiStack-root"
        >
          <h6
            class="MuiTypography-root MuiTypography-subtitle1 MuiTypography-gutterBottom css-1ceq6vm-MuiTypography-root"
          >
            category
          </h6>
          <div
            class="MuiBox-root css-1qm1lh"
          >
            <h3
              class="MuiTypography-root MuiTypography-h3 MuiTypography-gutterBottom css-1vu909e-MuiTypography-root"
            >
              title
            </h3>
          </div>
          <p
            class="MuiTypography-root MuiTypography-body1 MuiTypography-gutterBottom css-1fds5j6-MuiTypography-root"
          >
            description
          </p>
          <div
            class="MuiBox-root css-xuhmcu"
          >
            <div
              class="MuiPaper-root MuiPaper-elevation MuiPaper-elevation2 MuiAccordion-root css-y7m5ga-MuiPaper-root-MuiAccordion-root"
            >
              <div
                aria-expanded="false"
                class="MuiButtonBase-root MuiAccordionSummary-root css-1pvvkxv-MuiButtonBase-root-MuiAccordionSummary-root"
                role="button"
                tabindex="0"
              >
                <div
                  class="MuiAccordionSummary-content css-1betqn-MuiAccordionSummary-content"
                >
                  <h5
                    class="MuiTypography-root MuiTypography-h5 css-s668vz-MuiTypography-root"
                  >
                    payment_full_title
                  </h5>
                </div>
                <div
                  class="MuiAccordionSummary-expandIconWrapper css-yw020d-MuiAccordionSummary-expandIconWrapper"
                >
                  <svg
                    aria-hidden="true"
                    class="MuiSvgIcon-root MuiSvgIcon-fontSizeMedium css-i4bv87-MuiSvgIcon-root"
                    data-testid="ExpandMoreIcon"
                    focusable="false"
                    viewBox="0 0 24 24"
                  >
                    <path
                      d="M16.59 8.59 12 13.17 7.41 8.59 6 10l6 6 6-6z"
                    />
                  </svg>
                </div>
              </div>
              <div
                class="MuiCollapse-root MuiCollapse-vertical MuiCollapse-hidden css-bz4dnt-MuiCollapse-root"
                style="min-height: 0px;"
              >
                <div
                  class="MuiCollapse-wrapper MuiCollapse-vertical css-smkl36-MuiCollapse-wrapper"
                >
                  <div
                    class="MuiCollapse-wrapperInner MuiCollapse-vertical css-9l5vo-MuiCollapse-wrapperInner"
                  >
                    <div
                      class="MuiAccordion-region"
                      role="region"
                    >
                      <div
                        class="MuiAccordionDetails-root css-15v22id-MuiAccordionDetails-root"
                      >
                        <div
                          class="MuiBox-root css-1sf3xto"
                        >
                          <h5
                            class="MuiTypography-root MuiTypography-h5 css-1uzjrf3-MuiTypography-root"
                          >
                            payment_full_cost
                          </h5>
                        </div>
                        <p
                          class="MuiTypography-root MuiTypography-body1 css-1roozjh-MuiTypography-root"
                        >
                          payment_full_description
                        </p>
                      </div>
                    </div>
                  </div>
                </div>
              </div>
            </div>
          </div>
          <div
            class="MuiBox-root css-xuhmcu"
          >
            <div
              class="MuiPaper-root MuiPaper-elevation MuiPaper-elevation2 MuiAccordion-root css-y7m5ga-MuiPaper-root-MuiAccordion-root"
            >
              <div
                aria-expanded="false"
                class="MuiButtonBase-root MuiAccordionSummary-root css-1pvvkxv-MuiButtonBase-root-MuiAccordionSummary-root"
                role="button"
                tabindex="0"
              >
                <div
                  class="MuiAccordionSummary-content css-1betqn-MuiAccordionSummary-content"
                >
                  <h5
                    class="MuiTypography-root MuiTypography-h5 css-s668vz-MuiTypography-root"
                  >
                    payment_instalment_title
                  </h5>
                </div>
                <div
                  class="MuiAccordionSummary-expandIconWrapper css-yw020d-MuiAccordionSummary-expandIconWrapper"
                >
                  <svg
                    aria-hidden="true"
                    class="MuiSvgIcon-root MuiSvgIcon-fontSizeMedium css-i4bv87-MuiSvgIcon-root"
                    data-testid="ExpandMoreIcon"
                    focusable="false"
                    viewBox="0 0 24 24"
                  >
                    <path
                      d="M16.59 8.59 12 13.17 7.41 8.59 6 10l6 6 6-6z"
                    />
                  </svg>
                </div>
              </div>
              <div
                class="MuiCollapse-root MuiCollapse-vertical MuiCollapse-hidden css-bz4dnt-MuiCollapse-root"
                style="min-height: 0px;"
              >
                <div
                  class="MuiCollapse-wrapper MuiCollapse-vertical css-smkl36-MuiCollapse-wrapper"
                >
                  <div
                    class="MuiCollapse-wrapperInner MuiCollapse-vertical css-9l5vo-MuiCollapse-wrapperInner"
                  >
                    <div
                      class="MuiAccordion-region"
                      role="region"
                    >
                      <div
                        class="MuiAccordionDetails-root css-15v22id-MuiAccordionDetails-root"
                      >
                        <div
                          class="MuiBox-root css-1sf3xto"
                        >
                          <h5
                            class="MuiTypography-root MuiTypography-h5 css-1uzjrf3-MuiTypography-root"
                          >
                            payment_instalment_cost
                          </h5>
                        </div>
                        <p
                          class="MuiTypography-root MuiTypography-body1 css-1roozjh-MuiTypography-root"
                        >
                          payment_instalment_description
                        </p>
                      </div>
                    </div>
                  </div>
                </div>
              </div>
            </div>
          </div>
          <div
            class="MuiBox-root css-xuhmcu"
          >
            <div
              class="MuiPaper-root MuiPaper-elevation MuiPaper-elevation2 MuiAccordion-root css-y7m5ga-MuiPaper-root-MuiAccordion-root"
            >
              <div
                aria-expanded="false"
                class="MuiButtonBase-root MuiAccordionSummary-root css-1pvvkxv-MuiButtonBase-root-MuiAccordionSummary-root"
                role="button"
                tabindex="0"
              >
                <div
                  class="MuiAccordionSummary-content css-1betqn-MuiAccordionSummary-content"
                >
                  <h5
                    class="MuiTypography-root MuiTypography-h5 css-s668vz-MuiTypography-root"
                  >
                    payment_discount_title
                  </h5>
                </div>
                <div
                  class="MuiAccordionSummary-expandIconWrapper css-yw020d-MuiAccordionSummary-expandIconWrapper"
                >
                  <svg
                    aria-hidden="true"
                    class="MuiSvgIcon-root MuiSvgIcon-fontSizeMedium css-i4bv87-MuiSvgIcon-root"
                    data-testid="ExpandMoreIcon"
                    focusable="false"
                    viewBox="0 0 24 24"
                  >
                    <path
                      d="M16.59 8.59 12 13.17 7.41 8.59 6 10l6 6 6-6z"
                    />
                  </svg>
                </div>
              </div>
              <div
                class="MuiCollapse-root MuiCollapse-vertical MuiCollapse-hidden css-bz4dnt-MuiCollapse-root"
                style="min-height: 0px;"
              >
                <div
                  class="MuiCollapse-wrapper MuiCollapse-vertical css-smkl36-MuiCollapse-wrapper"
                >
                  <div
                    class="MuiCollapse-wrapperInner MuiCollapse-vertical css-9l5vo-MuiCollapse-wrapperInner"
                  >
                    <div
                      class="MuiAccordion-region"
                      role="region"
                    >
                      <div
                        class="MuiAccordionDetails-root css-15v22id-MuiAccordionDetails-root"
                      >
                        <div
                          class="MuiBox-root css-1sf3xto"
                        >
                          <h5
                            class="MuiTypography-root MuiTypography-h5 css-1uzjrf3-MuiTypography-root"
                          >
                            payment_discount_cost
                          </h5>
                        </div>
                        <p
                          class="MuiTypography-root MuiTypography-body1 css-1roozjh-MuiTypography-root"
                        >
                          payment_discount_description
                        </p>
                      </div>
                    </div>
                  </div>
                </div>
              </div>
            </div>
          </div>
          <div
            class="MuiBox-root css-xuhmcu"
          >
            <div
              class="MuiPaper-root MuiPaper-elevation MuiPaper-elevation2 MuiAccordion-root css-y7m5ga-MuiPaper-root-MuiAccordion-root"
            >
              <div
                aria-expanded="false"
                class="MuiButtonBase-root MuiAccordionSummary-root css-1pvvkxv-MuiButtonBase-root-MuiAccordionSummary-root"
                role="button"
                tabindex="0"
              >
                <div
                  class="MuiAccordionSummary-content css-1betqn-MuiAccordionSummary-content"
                >
                  <h5
                    class="MuiTypography-root MuiTypography-h5 css-s668vz-MuiTypography-root"
                  >
                    payment_interview_title
                  </h5>
                </div>
                <div
                  class="MuiAccordionSummary-expandIconWrapper css-yw020d-MuiAccordionSummary-expandIconWrapper"
                >
                  <svg
                    aria-hidden="true"
                    class="MuiSvgIcon-root MuiSvgIcon-fontSizeMedium css-i4bv87-MuiSvgIcon-root"
                    data-testid="ExpandMoreIcon"
                    focusable="false"
                    viewBox="0 0 24 24"
                  >
                    <path
                      d="M16.59 8.59 12 13.17 7.41 8.59 6 10l6 6 6-6z"
                    />
                  </svg>
                </div>
              </div>
              <div
                class="MuiCollapse-root MuiCollapse-vertical MuiCollapse-hidden css-bz4dnt-MuiCollapse-root"
                style="min-height: 0px;"
              >
                <div
                  class="MuiCollapse-wrapper MuiCollapse-vertical css-smkl36-MuiCollapse-wrapper"
                >
                  <div
                    class="MuiCollapse-wrapperInner MuiCollapse-vertical css-9l5vo-MuiCollapse-wrapperInner"
                  >
                    <div
                      class="MuiAccordion-region"
                      role="region"
                    >
                      <div
                        class="MuiAccordionDetails-root css-15v22id-MuiAccordionDetails-root"
                      >
                        <div
                          class="MuiBox-root css-1sf3xto"
                        >
                          <h5
                            class="MuiTypography-root MuiTypography-h5 css-1uzjrf3-MuiTypography-root"
                          >
                            payment_interview_cost
                          </h5>
                        </div>
                        <p
                          class="MuiTypography-root MuiTypography-body1 css-1roozjh-MuiTypography-root"
                        >
                          payment_interview_description
                        </p>
                      </div>
                    </div>
                  </div>
                </div>
              </div>
            </div>
          </div>
        </div>
      </div>
    </div>
  </div>,
  "debug": [Function],
  "findAllByAltText": [Function],
  "findAllByDisplayValue": [Function],
  "findAllByLabelText": [Function],
  "findAllByPlaceholderText": [Function],
  "findAllByRole": [Function],
  "findAllByTestId": [Function],
  "findAllByText": [Function],
  "findAllByTitle": [Function],
  "findByAltText": [Function],
  "findByDisplayValue": [Function],
  "findByLabelText": [Function],
  "findByPlaceholderText": [Function],
  "findByRole": [Function],
  "findByTestId": [Function],
  "findByText": [Function],
  "findByTitle": [Function],
  "getAllByAltText": [Function],
  "getAllByDisplayValue": [Function],
  "getAllByLabelText": [Function],
  "getAllByPlaceholderText": [Function],
  "getAllByRole": [Function],
  "getAllByTestId": [Function],
  "getAllByText": [Function],
  "getAllByTitle": [Function],
  "getByAltText": [Function],
  "getByDisplayValue": [Function],
  "getByLabelText": [Function],
  "getByPlaceholderText": [Function],
  "getByRole": [Function],
  "getByTestId": [Function],
  "getByText": [Function],
  "getByTitle": [Function],
  "queryAllByAltText": [Function],
  "queryAllByDisplayValue": [Function],
  "queryAllByLabelText": [Function],
  "queryAllByPlaceholderText": [Function],
  "queryAllByRole": [Function],
  "queryAllByTestId": [Function],
  "queryAllByText": [Function],
  "queryAllByTitle": [Function],
  "queryByAltText": [Function],
  "queryByDisplayValue": [Function],
  "queryByLabelText": [Function],
  "queryByPlaceholderText": [Function],
  "queryByRole": [Function],
  "queryByTestId": [Function],
  "queryByText": [Function],
  "queryByTitle": [Function],
  "rerender": [Function],
  "unmount": [Function],
}
`;
